src/components/erp/product-selector-dialog.tsx(5,24): error TS2307: Cannot find module '@/components/ui/button' or its corresponding type declarations.
src/components/erp/product-selector-dialog.tsx(6,23): error TS2307: Cannot find module '@/components/ui/input' or its corresponding type declarations.
src/components/erp/product-selector-dialog.tsx(13,8): error TS2307: Cannot find module '@/components/ui/dialog' or its corresponding type declarations.
src/components/erp/product-selector-dialog.tsx(21,8): error TS2307: Cannot find module '@/components/ui/table' or its corresponding type declarations.
src/components/erp/product-selector-dialog.tsx(22,23): error TS2307: Cannot find module '@/components/ui/badge' or its corresponding type declarations.
src/components/erp/product-selector-dialog.tsx(23,28): error TS2307: Cannot find module '@/components/ui/scroll-area' or its corresponding type declarations.
src/components/erp/product-selector-dialog.tsx(24,32): error TS2307: Cannot find module '@/lib/utils' or its corresponding type declarations.
src/components/erp/product-selector-dialog.tsx(25,63): error TS2307: Cannot find module '@/types/sistema' or its corresponding type declarations.
src/components/erp/trabajo-history-dialog.tsx(28,24): error TS2307: Cannot find module '@/components/ui/button' or its corresponding type declarations.
src/components/erp/trabajo-history-dialog.tsx(29,23): error TS2307: Cannot find module '@/components/ui/input' or its corresponding type declarations.
src/components/erp/trabajo-history-dialog.tsx(30,26): error TS2307: Cannot find module '@/components/ui/textarea' or its corresponding type declarations.
src/components/erp/trabajo-history-dialog.tsx(31,23): error TS2307: Cannot find module '@/components/ui/label' or its corresponding type declarations.
src/components/erp/trabajo-history-dialog.tsx(32,23): error TS2307: Cannot find module '@/components/ui/badge' or its corresponding type declarations.
src/components/erp/trabajo-history-dialog.tsx(33,26): error TS2307: Cannot find module '@/components/ui/progress' or its corresponding type declarations.
src/components/erp/trabajo-history-dialog.tsx(34,28): error TS2307: Cannot find module '@/components/ui/scroll-area' or its corresponding type declarations.
src/components/erp/trabajo-history-dialog.tsx(35,27): error TS2307: Cannot find module '@/components/ui/separator' or its corresponding type declarations.
src/components/erp/trabajo-history-dialog.tsx(36,26): error TS2307: Cannot find module '@/components/ui/checkbox' or its corresponding type declarations.
src/components/erp/trabajo-history-dialog.tsx(37,24): error TS2307: Cannot find module '@/components/ui/slider' or its corresponding type declarations.
src/components/erp/trabajo-history-dialog.tsx(45,8): error TS2307: Cannot find module '@/components/ui/dialog' or its corresponding type declarations.
src/components/erp/trabajo-history-dialog.tsx(52,8): error TS2307: Cannot find module '@/components/ui/select' or its corresponding type declarations.
src/components/erp/trabajo-history-dialog.tsx(58,8): error TS2307: Cannot find module '@/components/ui/tabs' or its corresponding type declarations.
src/components/erp/trabajo-history-dialog.tsx(66,8): error TS2307: Cannot find module '@/components/ui/table' or its corresponding type declarations.
src/components/erp/trabajo-history-dialog.tsx(67,75): error TS2307: Cannot find module '@/components/ui/card' or its corresponding type declarations.
src/components/erp/trabajo-history-dialog.tsx(68,32): error TS2307: Cannot find module '@/lib/utils' or its corresponding type declarations.
src/components/erp/trabajo-history-dialog.tsx(69,107): error TS2307: Cannot find module '@/types/sistema' or its corresponding type declarations.
src/components/erp/trabajo-history-dialog.tsx(70,34): error TS2307: Cannot find module '@/utils/pdf-generator' or its corresponding type declarations.
src/components/erp/trabajo-history-dialog.tsx(71,24): error TS2307: Cannot find module '@/components/providers/erp-provider' or its corresponding type declarations.
src/components/erp/trabajo-history-dialog.tsx(73,26): error TS2307: Cannot find module '@/hooks/use-toast' or its corresponding type declarations.
src/components/erp/trabajo-history-dialog.tsx(74,30): error TS2307: Cannot find module '@/utils/supabase/client' or its corresponding type declarations.
src/components/erp/trabajo-history-dialog.tsx(155,65): error TS2339: Property 'aiuAdminPorcentaje' does not exist on type 'ItemConVisibilidad'.
src/components/erp/trabajo-history-dialog.tsx(156,71): error TS2339: Property 'aiuImprevistoPorcentaje' does not exist on type 'ItemConVisibilidad'.
src/components/erp/trabajo-history-dialog.tsx(157,67): error TS2339: Property 'aiuUtilidadPorcentaje' does not exist on type 'ItemConVisibilidad'.
src/components/erp/trabajo-history-dialog.tsx(158,70): error TS2339: Property 'ivaUtilidadPorcentaje' does not exist on type 'ItemConVisibilidad'.
src/components/erp/trabajo-history-dialog.tsx(315,31): error TS2339: Property 'costoUnitario' does not exist on type 'ItemConVisibilidad'.
src/components/erp/trabajo-history-dialog.tsx(315,54): error TS2339: Property 'valorUnitario' does not exist on type 'ItemConVisibilidad'.
src/components/erp/trabajo-history-dialog.tsx(318,41): error TS2339: Property 'aiuAdminPorcentaje' does not exist on type 'ItemConVisibilidad'.
src/components/erp/trabajo-history-dialog.tsx(319,42): error TS2339: Property 'aiuImprevistoPorcentaje' does not exist on type 'ItemConVisibilidad'.
src/components/erp/trabajo-history-dialog.tsx(320,40): error TS2339: Property 'aiuUtilidadPorcentaje' does not exist on type 'ItemConVisibilidad'.
src/components/erp/trabajo-history-dialog.tsx(326,46): error TS2339: Property 'ivaUtilidadPorcentaje' does not exist on type 'ItemConVisibilidad'.
src/components/erp/trabajo-history-dialog.tsx(332,52): error TS2339: Property 'cantidad' does not exist on type 'ItemConVisibilidad'.
src/components/erp/trabajo-history-dialog.tsx(336,37): error TS2339: Property 'cantidad' does not exist on type 'ItemConVisibilidad'.
src/components/erp/trabajo-history-dialog.tsx(337,39): error TS2339: Property 'cantidad' does not exist on type 'ItemConVisibilidad'.
src/components/erp/trabajo-history-dialog.tsx(338,35): error TS2339: Property 'cantidad' does not exist on type 'ItemConVisibilidad'.
src/components/erp/trabajo-history-dialog.tsx(424,22): error TS2339: Property 'id' does not exist on type 'ItemConVisibilidad'.
src/components/erp/trabajo-history-dialog.tsx(431,64): error TS2339: Property 'descripcion' does not exist on type 'ItemConVisibilidad'.
src/components/erp/trabajo-history-dialog.tsx(431,110): error TS2339: Property 'descripcion' does not exist on type 'ItemConVisibilidad'.
src/components/erp/trabajo-history-dialog.tsx(475,40): error TS2339: Property 'id' does not exist on type 'ItemConVisibilidad'.
src/components/erp/trabajo-history-dialog.tsx(478,45): error TS2339: Property 'id' does not exist on type 'ItemConVisibilidad'.
src/components/erp/trabajo-history-dialog.tsx(484,50): error TS2339: Property 'descripcion' does not exist on type 'ItemConVisibilidad'.
src/components/erp/trabajo-history-dialog.tsx(492,22): error TS2339: Property 'id' does not exist on type 'ItemConVisibilidad'.
src/components/erp/trabajo-history-dialog.tsx(493,62): error TS2339: Property 'valorUnitario' does not exist on type 'ItemConVisibilidad'.
src/components/erp/trabajo-history-dialog.tsx(1038,63): error TS2339: Property 'costoUnitario' does not exist on type 'ItemConVisibilidad'.
src/components/erp/trabajo-history-dialog.tsx(1039,68): error TS2339: Property 'valorUnitario' does not exist on type 'ItemConVisibilidad'.
src/components/erp/trabajo-history-dialog.tsx(1042,73): error TS2339: Property 'aiuAdminPorcentaje' does not exist on type 'ItemConVisibilidad'.
src/components/erp/trabajo-history-dialog.tsx(1043,74): error TS2339: Property 'aiuImprevistoPorcentaje' does not exist on type 'ItemConVisibilidad'.
src/components/erp/trabajo-history-dialog.tsx(1044,72): error TS2339: Property 'aiuUtilidadPorcentaje' does not exist on type 'ItemConVisibilidad'.
src/components/erp/trabajo-history-dialog.tsx(1050,78): error TS2339: Property 'ivaUtilidadPorcentaje' does not exist on type 'ItemConVisibilidad'.
src/components/erp/trabajo-history-dialog.tsx(1052,84): error TS2339: Property 'cantidad' does not exist on type 'ItemConVisibilidad'.
src/components/erp/trabajo-history-dialog.tsx(1055,75): error TS2339: Property 'id' does not exist on type 'ItemConVisibilidad'.
src/components/erp/trabajo-history-dialog.tsx(1060,75): error TS2339: Property 'tipo' does not exist on type 'ItemConVisibilidad'.
src/components/erp/trabajo-history-dialog.tsx(1061,113): error TS2339: Property 'descripcion' does not exist on type 'ItemConVisibilidad'.
src/components/erp/trabajo-history-dialog.tsx(1064,71): error TS2339: Property 'subItems' does not exist on type 'ItemConVisibilidad'.
src/components/erp/trabajo-history-dialog.tsx(1064,88): error TS2339: Property 'subItems' does not exist on type 'ItemConVisibilidad'.
src/components/erp/trabajo-history-dialog.tsx(1066,79): error TS2339: Property 'subItems' does not exist on type 'ItemConVisibilidad'.
src/components/erp/trabajo-history-dialog.tsx(1074,77): error TS2339: Property 'cantidad' does not exist on type 'ItemConVisibilidad'.
src/components/erp/trabajo-history-dialog.tsx(1075,112): error TS2339: Property 'id' does not exist on type 'ItemConVisibilidad'.
src/components/erp/trabajo-history-dialog.tsx(1084,77): error TS2339: Property 'costoUnitario' does not exist on type 'ItemConVisibilidad'.
src/components/erp/trabajo-history-dialog.tsx(1096,77): error TS2339: Property 'valorUnitario' does not exist on type 'ItemConVisibilidad'.
src/components/erp/trabajo-history-dialog.tsx(1105,157): error TS2339: Property 'aiuAdminPorcentaje' does not exist on type 'ItemConVisibilidad'.
src/components/erp/trabajo-history-dialog.tsx(1105,242): error TS2353: Object literal may only specify known properties, and 'aiuAdminPorcentaje' does not exist in type 'ItemConVisibilidad'.
src/components/erp/trabajo-history-dialog.tsx(1106,157): error TS2339: Property 'aiuImprevistoPorcentaje' does not exist on type 'ItemConVisibilidad'.
src/components/erp/trabajo-history-dialog.tsx(1106,247): error TS2353: Object literal may only specify known properties, and 'aiuImprevistoPorcentaje' does not exist in type 'ItemConVisibilidad'.
src/components/erp/trabajo-history-dialog.tsx(1107,157): error TS2339: Property 'aiuUtilidadPorcentaje' does not exist on type 'ItemConVisibilidad'.
src/components/erp/trabajo-history-dialog.tsx(1107,245): error TS2353: Object literal may only specify known properties, and 'aiuUtilidadPorcentaje' does not exist in type 'ItemConVisibilidad'.
src/components/erp/trabajo-history-dialog.tsx(1108,161): error TS2339: Property 'aiuUtilidadPorcentaje' does not exist on type 'ItemConVisibilidad'.
src/components/erp/trabajo-history-dialog.tsx(1108,196): error TS2339: Property 'ivaUtilidadPorcentaje' does not exist on type 'ItemConVisibilidad'.
src/components/erp/trabajo-history-dialog.tsx(1108,284): error TS2353: Object literal may only specify known properties, and 'ivaUtilidadPorcentaje' does not exist in type 'ItemConVisibilidad'.
src/components/erp/trabajo-history-dialog.tsx(1114,167): error TS2339: Property 'id' does not exist on type 'ItemConVisibilidad'.
src/components/erp/trabajo-history-dialog.tsx(1120,59): error TS2339: Property 'subItems' does not exist on type 'ItemConVisibilidad'.
src/components/erp/trabajo-history-dialog.tsx(1120,76): error TS2339: Property 'subItems' does not exist on type 'ItemConVisibilidad'.
src/components/erp/trabajo-history-dialog.tsx(1120,104): error TS2339: Property 'subItems' does not exist on type 'ItemConVisibilidad'.
src/components/erp/trabajo-history-dialog.tsx(1121,80): error TS2339: Property 'id' does not exist on type 'ItemConVisibilidad'.
src/components/erp/trabajo-history-dialog.tsx(1132,88): error TS2339: Property 'cantidad' does not exist on type 'ItemConVisibilidad'.
src/components/erp/trabajo-history-dialog.tsx(1255,66): error TS2339: Property 'valorTotal' does not exist on type 'ItemConVisibilidad'.
src/components/erp/trabajo-history-dialog.tsx(1258,68): error TS2339: Property 'tipo' does not exist on type 'ItemConVisibilidad'.
src/components/erp/trabajo-history-dialog.tsx(1264,69): error TS2339: Property 'id' does not exist on type 'ItemConVisibilidad'.
src/components/erp/trabajo-history-dialog.tsx(1266,98): error TS2339: Property 'descripcion' does not exist on type 'ItemConVisibilidad'.
src/components/erp/trabajo-history-dialog.tsx(1267,98): error TS2339: Property 'cantidad' does not exist on type 'ItemConVisibilidad'.
src/components/erp/trabajo-history-dialog.tsx(1268,122): error TS2339: Property 'valorUnitario' does not exist on type 'ItemConVisibilidad'.
src/components/erp/trabajo-history-dialog.tsx(1269,122): error TS2339: Property 'valorTotal' does not exist on type 'ItemConVisibilidad'.
src/components/erp/trabajo-history-dialog.tsx(1271,82): error TS2339: Property 'subItems' does not exist on type 'ItemConVisibilidad'.
src/components/erp/trabajo-history-dialog.tsx(1271,99): error TS2339: Property 'subItems' does not exist on type 'ItemConVisibilidad'.
src/components/erp/trabajo-history-dialog.tsx(1272,80): error TS2339: Property 'id' does not exist on type 'ItemConVisibilidad'.
src/components/erp/trabajo-history-dialog.tsx(1276,147): error TS2339: Property 'cantidad' does not exist on type 'ItemConVisibilidad'.
src/components/erp/trabajo-history-dialog.tsx(1292,100): error TS2339: Property 'valorTotal' does not exist on type 'ItemConVisibilidad'.
src/components/erp/trabajo-history-dialog.tsx(1347,73): error TS2339: Property 'id' does not exist on type 'ItemConVisibilidad'.
src/components/erp/trabajo-history-dialog.tsx(1349,90): error TS2339: Property 'descripcion' does not exist on type 'ItemConVisibilidad'.
src/components/erp/trabajo-history-dialog.tsx(1351,74): error TS2339: Property 'cantidad' does not exist on type 'ItemConVisibilidad'.
